// Jest Snapshot v1, https://goo.gl/fbAQLP

exports[`Table should render successfully 1`] = `
{
  "asFragment": [Function],
  "baseElement": <body>
    <div>
      <table
        class="border border-neutral-border"
      >
        <thead>
          <tr>
            <th
              class="text-subhead-2 py-2 px-3 text-neutral-placeholder bg-neutral-divider"
            >
              Test name
            </th>
            <th
              class="text-subhead-2 py-2 px-3 text-neutral-placeholder bg-neutral-divider"
            >
              Test status
            </th>
            <th
              class="text-subhead-2 py-2 px-3 text-neutral-placeholder bg-neutral-divider"
            >
              Sent
            </th>
            <th
              class="text-subhead-2 py-2 px-3 text-neutral-placeholder bg-neutral-divider"
            >
              Submitted
            </th>
            <th
              class="text-subhead-2 py-2 px-3 text-neutral-placeholder bg-neutral-divider"
            >
              Author
            </th>
            <th
              class="text-subhead-2 py-2 px-3 text-neutral-placeholder bg-neutral-divider"
            >
              Job position
            </th>
            <th
              class="text-subhead-2 py-2 px-3 text-neutral-placeholder bg-neutral-divider"
            >
              Level
            </th>
            <th
              class="text-subhead-2 py-2 px-3 text-neutral-placeholder bg-neutral-divider"
            >
              Action
            </th>
          </tr>
        </thead>
        <tbody>
          <tr>
            <td
              class="text-subhead-2 py-4 px-3"
            >
              name
            </td>
            <td
              class="text-subhead-2 py-4 px-3"
            >
              <span>
                Published
              </span>
            </td>
            <td
              class="text-subhead-2 py-4 px-3"
            >
              1
            </td>
            <td
              class="text-subhead-2 py-4 px-3"
            >
              1
            </td>
            <td
              class="text-subhead-2 py-4 px-3"
            >
              author
            </td>
            <td
              class="text-subhead-2 py-4 px-3"
            >
              Developer
            </td>
            <td
              class="text-subhead-2 py-4 px-3"
            >
              level
            </td>
            <td
              class="text-subhead-2 py-4 px-3"
            >
              Button
            </td>
          </tr>
        </tbody>
      </table>
    </div>
  </body>,
  "container": <div>
    <table
      class="border border-neutral-border"
    >
      <thead>
        <tr>
          <th
            class="text-subhead-2 py-2 px-3 text-neutral-placeholder bg-neutral-divider"
          >
            Test name
          </th>
          <th
            class="text-subhead-2 py-2 px-3 text-neutral-placeholder bg-neutral-divider"
          >
            Test status
          </th>
          <th
            class="text-subhead-2 py-2 px-3 text-neutral-placeholder bg-neutral-divider"
          >
            Sent
          </th>
          <th
            class="text-subhead-2 py-2 px-3 text-neutral-placeholder bg-neutral-divider"
          >
            Submitted
          </th>
          <th
            class="text-subhead-2 py-2 px-3 text-neutral-placeholder bg-neutral-divider"
          >
            Author
          </th>
          <th
            class="text-subhead-2 py-2 px-3 text-neutral-placeholder bg-neutral-divider"
          >
            Job position
          </th>
          <th
            class="text-subhead-2 py-2 px-3 text-neutral-placeholder bg-neutral-divider"
          >
            Level
          </th>
          <th
            class="text-subhead-2 py-2 px-3 text-neutral-placeholder bg-neutral-divider"
          >
            Action
          </th>
        </tr>
      </thead>
      <tbody>
        <tr>
          <td
            class="text-subhead-2 py-4 px-3"
          >
            name
          </td>
          <td
            class="text-subhead-2 py-4 px-3"
          >
            <span>
              Published
            </span>
          </td>
          <td
            class="text-subhead-2 py-4 px-3"
          >
            1
          </td>
          <td
            class="text-subhead-2 py-4 px-3"
          >
            1
          </td>
          <td
            class="text-subhead-2 py-4 px-3"
          >
            author
          </td>
          <td
            class="text-subhead-2 py-4 px-3"
          >
            Developer
          </td>
          <td
            class="text-subhead-2 py-4 px-3"
          >
            level
          </td>
          <td
            class="text-subhead-2 py-4 px-3"
          >
            Button
          </td>
        </tr>
      </tbody>
    </table>
  </div>,
  "debug": [Function],
  "findAllByAltText": [Function],
  "findAllByDisplayValue": [Function],
  "findAllByLabelText": [Function],
  "findAllByPlaceholderText": [Function],
  "findAllByRole": [Function],
  "findAllByTestId": [Function],
  "findAllByText": [Function],
  "findAllByTitle": [Function],
  "findByAltText": [Function],
  "findByDisplayValue": [Function],
  "findByLabelText": [Function],
  "findByPlaceholderText": [Function],
  "findByRole": [Function],
  "findByTestId": [Function],
  "findByText": [Function],
  "findByTitle": [Function],
  "getAllByAltText": [Function],
  "getAllByDisplayValue": [Function],
  "getAllByLabelText": [Function],
  "getAllByPlaceholderText": [Function],
  "getAllByRole": [Function],
  "getAllByTestId": [Function],
  "getAllByText": [Function],
  "getAllByTitle": [Function],
  "getByAltText": [Function],
  "getByDisplayValue": [Function],
  "getByLabelText": [Function],
  "getByPlaceholderText": [Function],
  "getByRole": [Function],
  "getByTestId": [Function],
  "getByText": [Function],
  "getByTitle": [Function],
  "queryAllByAltText": [Function],
  "queryAllByDisplayValue": [Function],
  "queryAllByLabelText": [Function],
  "queryAllByPlaceholderText": [Function],
  "queryAllByRole": [Function],
  "queryAllByTestId": [Function],
  "queryAllByText": [Function],
  "queryAllByTitle": [Function],
  "queryByAltText": [Function],
  "queryByDisplayValue": [Function],
  "queryByLabelText": [Function],
  "queryByPlaceholderText": [Function],
  "queryByRole": [Function],
  "queryByTestId": [Function],
  "queryByText": [Function],
  "queryByTitle": [Function],
  "rerender": [Function],
  "unmount": [Function],
}
`;
