// Jest Snapshot v1, https://goo.gl/fbAQLP

exports[`Button should render input successfully 1`] = `
<body>
  <div>
    <div
      class="space-y-2"
    >
      <div
        class="flex border-[1px] text-13 leading-6 font-normal font-primary placeholder-neutral-border hover:border-neutral-placeholder focus-within:border-primary hover:focus-within:border-primary border-neutral-border px-3"
        style="width: 300px;"
      >
        <input
          aria-invalid="false"
          class="focus:outline-none bg-transparent w-full py-2"
          type="text"
          value="this is value"
        />
      </div>
      <div
        class="opacity-0"
      />
    </div>
  </div>
</body>
`;
