// Jest Snapshot v1, https://goo.gl/fbAQLP

exports[`Button should render button successfully 1`] = `
<body>
  <div>
    <button
      class="px-4 py-2 bg-primary-base font-medium font-primary text-13 leading-6 text-center  inline-block"
    >
      button
    </button>
  </div>
</body>
`;

exports[`Button should render link successfully 1`] = `
<body>
  <div>
    <a
      class="text-primary-base font-normal font-primary text-15 leading-6 "
      href="https://github.com/"
      target="_blank"
      title="Github"
    >
      link
    </a>
  </div>
</body>
`;
