// Jest Snapshot v1, https://goo.gl/fbAQLP

exports[`Checkbox should render successfully 1`] = `
{
  "asFragment": [Function],
  "baseElement": <body>
    <div>
      <div
        class="flex items-center"
      >
        <input
          class="h-4 w-4 cursor-pointer opacity-0 absolute peer"
          id="checkbox"
          type="checkbox"
        />
        <div
          class="w-4 h-4 flex flex-shrink-0 justify-center items-center mr-2 peer-checked:bg-primary-clicked peer-checked:border-0 border-neutral-border border cursor-pointer"
        >
          <svg
            fill="none"
            height="8"
            viewBox="0 0 10 8"
            width="10"
            xmlns="http://www.w3.org/2000/svg"
          >
            <path
              d="M1 4L3.5 6.5L9 1"
              stroke="white"
              stroke-linecap="round"
              stroke-linejoin="round"
              stroke-width="1.5"
            />
          </svg>
        </div>
        <label
          class="select-none text-neutral-text-primary text-13 leading-24 font-medium cursor-pointer"
          for="checkbox"
        >
          Developer
        </label>
      </div>
    </div>
  </body>,
  "container": <div>
    <div
      class="flex items-center"
    >
      <input
        class="h-4 w-4 cursor-pointer opacity-0 absolute peer"
        id="checkbox"
        type="checkbox"
      />
      <div
        class="w-4 h-4 flex flex-shrink-0 justify-center items-center mr-2 peer-checked:bg-primary-clicked peer-checked:border-0 border-neutral-border border cursor-pointer"
      >
        <svg
          fill="none"
          height="8"
          viewBox="0 0 10 8"
          width="10"
          xmlns="http://www.w3.org/2000/svg"
        >
          <path
            d="M1 4L3.5 6.5L9 1"
            stroke="white"
            stroke-linecap="round"
            stroke-linejoin="round"
            stroke-width="1.5"
          />
        </svg>
      </div>
      <label
        class="select-none text-neutral-text-primary text-13 leading-24 font-medium cursor-pointer"
        for="checkbox"
      >
        Developer
      </label>
    </div>
  </div>,
  "debug": [Function],
  "findAllByAltText": [Function],
  "findAllByDisplayValue": [Function],
  "findAllByLabelText": [Function],
  "findAllByPlaceholderText": [Function],
  "findAllByRole": [Function],
  "findAllByTestId": [Function],
  "findAllByText": [Function],
  "findAllByTitle": [Function],
  "findByAltText": [Function],
  "findByDisplayValue": [Function],
  "findByLabelText": [Function],
  "findByPlaceholderText": [Function],
  "findByRole": [Function],
  "findByTestId": [Function],
  "findByText": [Function],
  "findByTitle": [Function],
  "getAllByAltText": [Function],
  "getAllByDisplayValue": [Function],
  "getAllByLabelText": [Function],
  "getAllByPlaceholderText": [Function],
  "getAllByRole": [Function],
  "getAllByTestId": [Function],
  "getAllByText": [Function],
  "getAllByTitle": [Function],
  "getByAltText": [Function],
  "getByDisplayValue": [Function],
  "getByLabelText": [Function],
  "getByPlaceholderText": [Function],
  "getByRole": [Function],
  "getByTestId": [Function],
  "getByText": [Function],
  "getByTitle": [Function],
  "queryAllByAltText": [Function],
  "queryAllByDisplayValue": [Function],
  "queryAllByLabelText": [Function],
  "queryAllByPlaceholderText": [Function],
  "queryAllByRole": [Function],
  "queryAllByTestId": [Function],
  "queryAllByText": [Function],
  "queryAllByTitle": [Function],
  "queryByAltText": [Function],
  "queryByDisplayValue": [Function],
  "queryByLabelText": [Function],
  "queryByPlaceholderText": [Function],
  "queryByRole": [Function],
  "queryByTestId": [Function],
  "queryByText": [Function],
  "queryByTitle": [Function],
  "rerender": [Function],
  "unmount": [Function],
}
`;
